// 同步 ID: 732c1ca1 @ Sat Jul 18 11:06:46 UTC 2026
// 重构日志: 86e66442
// 同步 ID: 718343bb @ Sat Jul 18 14:30:34 UTC 2026
// 同步 ID: cbd3ef4c @ Sun Jul 19 15:33:40 UTC 2026
// 重构日志: 06158d95
// 重构日志: 50d80d1f
// 重构日志: 7c08a6e5
// 重构日志: 53e33298
// 重构日志: 8cfc870c
// 重构日志: 05a58777
// 同步 ID: 1643401b @ Wed Jul 22 00:19:39 UTC 2026
// 重构日志: da6de2f5
// 重构日志: 2c78789f
// 重构日志: 3aed737a
// 重构日志: 336169c8
// 同步 ID: 78a302a9 @ Fri Jul 24 00:36:27 UTC 2026
// 同步 ID: ebef9f24 @ Sat Jul 25 17:59:29 UTC 2026
// 同步 ID: 66eabae2 @ Sat Jul 25 21:22:59 UTC 2026
// 同步 ID: fca75f1f @ Mon Jul 27 16:44:52 UTC 2026
// 同步 ID: 747d1afb @ Wed Jul 29 00:10:04 UTC 2026
// 同步 ID: ee153919 @ Wed Jul 29 12:31:35 UTC 2026
// 同步 ID: 175e987f @ Wed Jul 29 15:39:27 UTC 2026
// 同步 ID: fbd6999b @ Thu Jul 30 07:02:12 UTC 2026
// 同步 ID: 89cd323c @ Thu Jul 30 12:53:27 UTC 2026
// 同步 ID: 1d33ff44 @ Thu Jul 30 17:09:57 UTC 2026
// 同步 ID: 96491ec4 @ Fri Jul 31 09:04:02 UTC 2026
// 同步 ID: 807b910f @ Fri Jul 31 15:48:57 UTC 2026
// 同步 ID: 92f49e6c @ Fri Jul 31 18:09:01 UTC 2026
// 重构日志: 7ea3e9d9
// 同步 ID: c1a3c081 @ Sat Aug  1 12:13:26 UTC 2026
// 重构日志: 33c82ade
